// Vitest Snapshot v1, https://vitest.dev/guide/snapshot.html

exports[`Home page > matches snapshot 1`] = `
<div>
  <main>
    <nav
      class="main-nav"
    >
      <div
        class="main-nav-left"
      >
        <a
          data-discover="true"
          href="/"
        >
          <img
            alt="Swapify"
            src="/src/assets/FullLogo.PNG"
          />
        </a>
      </div>
      <div
        class="search-container"
        style="display: flex; align-items: center; gap: 8px;"
      >
        <input
          class="search-bar"
          placeholder="Search listings..."
          type="text"
          value=""
        />
        <button
          aria-label="Filter listings"
          class="filter-btn"
          style="background: rgb(248, 250, 252); border: 1px solid rgb(203, 213, 225); border-radius: 50%; cursor: pointer; padding: 8px; font-size: 22px; display: flex; align-items: center; justify-content: center; margin-left: 0px;"
          type="button"
        >
          <svg
            fill="none"
            height="1em"
            stroke="currentColor"
            stroke-linecap="round"
            stroke-linejoin="round"
            stroke-width="2"
            viewBox="0 0 24 24"
            width="1em"
            xmlns="http://www.w3.org/2000/svg"
          >
            <line
              x1="4"
              x2="4"
              y1="21"
              y2="14"
            />
            <line
              x1="4"
              x2="4"
              y1="10"
              y2="3"
            />
            <line
              x1="12"
              x2="12"
              y1="21"
              y2="12"
            />
            <line
              x1="12"
              x2="12"
              y1="8"
              y2="3"
            />
            <line
              x1="20"
              x2="20"
              y1="21"
              y2="16"
            />
            <line
              x1="20"
              x2="20"
              y1="12"
              y2="3"
            />
            <line
              x1="1"
              x2="7"
              y1="14"
              y2="14"
            />
            <line
              x1="9"
              x2="15"
              y1="8"
              y2="8"
            />
            <line
              x1="17"
              x2="23"
              y1="16"
              y2="16"
            />
          </svg>
        </button>
      </div>
      <div
        class="main-nav-right"
      >
        <a
          class="nav-login-button"
          data-discover="true"
          href="/login"
        >
          Login
        </a>
      </div>
    </nav>
    <div
      class="posts-grid"
    >
      <p>
        No listings available yet. Create one to get started!
      </p>
    </div>
    <button
      aria-label="Open icon guide"
      class="floating-help-button"
      title="Transaction types"
      type="button"
    >
      ?
    </button>
    <button
      aria-label="Create new listing"
      class="floating-add-button"
    >
      +
    </button>
  </main>
</div>
`;
