// Vitest Snapshot v1, https://vitest.dev/guide/snapshot.html

exports[`Register page > matches snapshot 1`] = `
<div>
  <div
    class="register-container"
  >
    <div
      class="register-logo"
    >
      <a
        data-discover="true"
        href="/"
      >
        <img
          alt="Swapify"
          src="/src/assets/FullLogo.PNG"
        />
      </a>
    </div>
    <h1>
      Register
    </h1>
    <form
      class="register-form"
    >
      <input
        placeholder="Email"
        required=""
        type="email"
        value=""
      />
      <input
        placeholder="Password"
        required=""
        type="password"
        value=""
      />
      <input
        placeholder="Name"
        required=""
        type="text"
        value=""
      />
      <input
        placeholder="Username"
        required=""
        type="text"
        value=""
      />
      <input
        placeholder="Age"
        required=""
        type="number"
        value=""
      />
      <input
        placeholder="Bio"
        required=""
        type="text"
        value=""
      />
      <fieldset
        aria-label="Location"
        class="location-dropdowns"
        disabled=""
      >
        <legend
          class="location-dropdowns-legend"
        >
          Location
          <span
            class="location-dropdowns-loading"
          >
             Loading…
          </span>
        </legend>
        <select
          aria-label="Country"
          class="location-dropdowns-select"
          required=""
        >
          <option
            value=""
          >
            Country
          </option>
        </select>
        <select
          aria-label="State"
          class="location-dropdowns-select"
          disabled=""
          required=""
        >
          <option
            value=""
          >
            State
          </option>
        </select>
        <select
          aria-label="City"
          class="location-dropdowns-select"
          disabled=""
          required=""
        >
          <option
            value=""
          >
            City
          </option>
        </select>
      </fieldset>
      <button
        style="width: 100%; padding: 8px; margin-bottom: 12px; background-color: #3b82f6; color: white; border: none none; border-radius: 4px; cursor: pointer; font-size: 14px; font-weight: 500;"
        type="button"
      >
        Use My Current Location
      </button>
      <button
        type="submit"
      >
        Register
      </button>
    </form>
    <p>
      Already have an account?
       
      <a
        class="login-link"
        data-discover="true"
        href="/login"
      >
        Login
      </a>
    </p>
  </div>
</div>
`;
